I'm sorry, but errors were detected in your script. Please correct the
errors listed below, and try again.


File "game/script.rpy", line 363: expected statement.
    renpy.music.set_volume(0.6, delay=0, channel="music")
                                                         ^

Ren'Py Version: Ren'Py 6.99.10.1227
